devkitadv-r5-beta-3/bin/arm-agb-elf-gdb.exe
devkitadv-r5-beta-3/bin/arm-agb-elf-insight.exe
devkitadv-r5-beta-3/bin/arm-agb-elf-run.exe
devkitadv-r5-beta-3/bin/cygitcl30.dll
devkitadv-r5-beta-3/bin/cygitclsh30.exe
devkitadv-r5-beta-3/bin/cygitk30.dll
devkitadv-r5-beta-3/bin/cygitkwish30.exe
devkitadv-r5-beta-3/bin/cygtcl80.dll
devkitadv-r5-beta-3/bin/cygtclpip80.dll
devkitadv-r5-beta-3/bin/cygtclreg80.dll
devkitadv-r5-beta-3/bin/cygtclsh80.exe
devkitadv-r5-beta-3/bin/cygtk80.dll
devkitadv-r5-beta-3/bin/cygwin1.dll
devkitadv-r5-beta-3/bin/cygwish80.exe
devkitadv-r5-beta-3/bin/expect.exe
devkitadv-r5-beta-3/bin/gdb.exe
devkitadv-r5-beta-3/bin/insight.exe
devkitadv-r5-beta-3/bin/mklinkstub.exe
devkitadv-r5-beta-3/bin/run.exe
devkitadv-r5-beta-3/bin/runtest
devkitadv-r5-beta-3/bin/tix4180.dll
devkitadv-r5-beta-3/bin/tix4180.exe
devkitadv-r5-beta-3/bin/tixindex
devkitadv-r5-beta-3/share/dejagnu/baseboards/a29k-udi.exp
devkitadv-r5-beta-3/share/dejagnu/baseboards/arc-sim.exp
devkitadv-r5-beta-3/share/dejagnu/baseboards/arm-ice.exp
devkitadv-r5-beta-3/share/dejagnu/baseboards/arm-sid.exp
devkitadv-r5-beta-3/share/dejagnu/baseboards/arm-sim.exp
devkitadv-r5-beta-3/share/dejagnu/baseboards/basic-sid.exp
devkitadv-r5-beta-3/share/dejagnu/baseboards/basic-sim.exp
devkitadv-r5-beta-3/share/dejagnu/baseboards/cf.exp
devkitadv-r5-beta-3/share/dejagnu/baseboards/cygmon.exp
devkitadv-r5-beta-3/share/dejagnu/baseboards/cygwin.exp
devkitadv-r5-beta-3/share/dejagnu/baseboards/d10v-sim.exp
devkitadv-r5-beta-3/share/dejagnu/baseboards/d10v.exp
devkitadv-r5-beta-3/share/dejagnu/baseboards/d30v-sim.exp
devkitadv-r5-beta-3/share/dejagnu/baseboards/danlite-elf.exp
devkitadv-r5-beta-3/share/dejagnu/baseboards/dos.exp
devkitadv-r5-beta-3/share/dejagnu/baseboards/fr30-cygmon.exp
devkitadv-r5-beta-3/share/dejagnu/baseboards/fr30-elf.exp
devkitadv-r5-beta-3/share/dejagnu/baseboards/fr30-sim.exp
devkitadv-r5-beta-3/share/dejagnu/baseboards/frv-elf.exp
devkitadv-r5-beta-3/share/dejagnu/baseboards/frv-sim.exp
devkitadv-r5-beta-3/share/dejagnu/baseboards/frv-tiger.exp
devkitadv-r5-beta-3/share/dejagnu/baseboards/frv-tomcat.exp
devkitadv-r5-beta-3/share/dejagnu/baseboards/h8300-sim.exp
devkitadv-r5-beta-3/share/dejagnu/baseboards/h8300.exp
devkitadv-r5-beta-3/share/dejagnu/baseboards/i386-bozo.exp
devkitadv-r5-beta-3/share/dejagnu/baseboards/i386-sid.exp
devkitadv-r5-beta-3/share/dejagnu/baseboards/i960-cyclone.exp
devkitadv-r5-beta-3/share/dejagnu/baseboards/i960-sim.exp
devkitadv-r5-beta-3/share/dejagnu/baseboards/jmr3904-sim.exp
devkitadv-r5-beta-3/share/dejagnu/baseboards/linux-gdbserver.exp
devkitadv-r5-beta-3/share/dejagnu/baseboards/linux-libremote.exp
devkitadv-r5-beta-3/share/dejagnu/baseboards/m32r-elf.exp
devkitadv-r5-beta-3/share/dejagnu/baseboards/m32r-sid.exp
devkitadv-r5-beta-3/share/dejagnu/baseboards/m32r-sim.exp
devkitadv-r5-beta-3/share/dejagnu/baseboards/m68hc11-sim.exp
devkitadv-r5-beta-3/share/dejagnu/baseboards/m68k-emc.exp
devkitadv-r5-beta-3/share/dejagnu/baseboards/m68k-sid.exp
devkitadv-r5-beta-3/share/dejagnu/baseboards/mcore-elf.exp
devkitadv-r5-beta-3/share/dejagnu/baseboards/mcore-moto-sim.exp
devkitadv-r5-beta-3/share/dejagnu/baseboards/mcore-pe.exp
devkitadv-r5-beta-3/share/dejagnu/baseboards/mcore-sim.exp
devkitadv-r5-beta-3/share/dejagnu/baseboards/mips-idt.exp
devkitadv-r5-beta-3/share/dejagnu/baseboards/mips-lnews-sim.exp
devkitadv-r5-beta-3/share/dejagnu/baseboards/mips-lsi-sim.exp
devkitadv-r5-beta-3/share/dejagnu/baseboards/mips-sim-idt32.exp
devkitadv-r5-beta-3/share/dejagnu/baseboards/mips-sim-idt64.exp
devkitadv-r5-beta-3/share/dejagnu/baseboards/mips-sim.exp
devkitadv-r5-beta-3/share/dejagnu/baseboards/mips64-sim.exp
devkitadv-r5-beta-3/share/dejagnu/baseboards/mips64vr4100-sim.exp
devkitadv-r5-beta-3/share/dejagnu/baseboards/mmixware-sim.exp
devkitadv-r5-beta-3/share/dejagnu/baseboards/mn10200-cygmon.exp
devkitadv-r5-beta-3/share/dejagnu/baseboards/mn10200-sim.exp
devkitadv-r5-beta-3/share/dejagnu/baseboards/mn10300-cygmon.exp
devkitadv-r5-beta-3/share/dejagnu/baseboards/mn10300-sim.exp
devkitadv-r5-beta-3/share/dejagnu/baseboards/msparc-cygmon.exp
devkitadv-r5-beta-3/share/dejagnu/baseboards/op50n.exp
devkitadv-r5-beta-3/share/dejagnu/baseboards/powerpc-bug.exp
devkitadv-r5-beta-3/share/dejagnu/baseboards/powerpc-bug1.exp
devkitadv-r5-beta-3/share/dejagnu/baseboards/powerpc-sim.exp
devkitadv-r5-beta-3/share/dejagnu/baseboards/powerpcle-sim.exp
devkitadv-r5-beta-3/share/dejagnu/baseboards/README
devkitadv-r5-beta-3/share/dejagnu/baseboards/rom68k-idp.exp
devkitadv-r5-beta-3/share/dejagnu/baseboards/sh-hms-sim.exp
devkitadv-r5-beta-3/share/dejagnu/baseboards/sh-hms.exp
devkitadv-r5-beta-3/share/dejagnu/baseboards/sh-sid.exp
devkitadv-r5-beta-3/share/dejagnu/baseboards/sparc64-sim.exp
devkitadv-r5-beta-3/share/dejagnu/baseboards/sparclet-aout.exp
devkitadv-r5-beta-3/share/dejagnu/baseboards/sparclite-coff.exp
devkitadv-r5-beta-3/share/dejagnu/baseboards/sparclite-cygmon.exp
devkitadv-r5-beta-3/share/dejagnu/baseboards/sparclite-sim-le.exp
devkitadv-r5-beta-3/share/dejagnu/baseboards/sparclite-sim.exp
devkitadv-r5-beta-3/share/dejagnu/baseboards/strongarm-cygmon.exp
devkitadv-r5-beta-3/share/dejagnu/baseboards/tic80-sim.exp
devkitadv-r5-beta-3/share/dejagnu/baseboards/tx39-dve.exp
devkitadv-r5-beta-3/share/dejagnu/baseboards/tx39-sim.exp
devkitadv-r5-beta-3/share/dejagnu/baseboards/unix.exp
devkitadv-r5-beta-3/share/dejagnu/baseboards/usparc-cygmon.exp
devkitadv-r5-beta-3/share/dejagnu/baseboards/v850-sim.exp
devkitadv-r5-beta-3/share/dejagnu/baseboards/vr4100-ddb.exp
devkitadv-r5-beta-3/share/dejagnu/baseboards/vr4100-sim.exp
devkitadv-r5-beta-3/share/dejagnu/baseboards/vr4111-sim.exp
devkitadv-r5-beta-3/share/dejagnu/baseboards/vr4300-ddb.exp
devkitadv-r5-beta-3/share/dejagnu/baseboards/vr4300-sim.exp
devkitadv-r5-beta-3/share/dejagnu/baseboards/vr4300.exp
devkitadv-r5-beta-3/share/dejagnu/baseboards/vr5000-ddb.exp
devkitadv-r5-beta-3/share/dejagnu/baseboards/vx4300.exp
devkitadv-r5-beta-3/share/dejagnu/baseboards/vx68k.exp
devkitadv-r5-beta-3/share/dejagnu/baseboards/vx960.exp
devkitadv-r5-beta-3/share/dejagnu/baseboards/vxsparc.exp
devkitadv-r5-beta-3/share/dejagnu/baseboards/x86-cygmon.exp
devkitadv-r5-beta-3/share/dejagnu/baseboards/xscale-cygmon.exp
devkitadv-r5-beta-3/share/dejagnu/baseboards/xtensa-sim.exp
devkitadv-r5-beta-3/share/dejagnu/config/arc.exp
devkitadv-r5-beta-3/share/dejagnu/config/arm-ice.exp
devkitadv-r5-beta-3/share/dejagnu/config/base-config.exp
devkitadv-r5-beta-3/share/dejagnu/config/base68k.exp
devkitadv-r5-beta-3/share/dejagnu/config/bug.exp
devkitadv-r5-beta-3/share/dejagnu/config/cfdbug.exp
devkitadv-r5-beta-3/share/dejagnu/config/cygmon.exp
devkitadv-r5-beta-3/share/dejagnu/config/d10v.exp
devkitadv-r5-beta-3/share/dejagnu/config/ddb-ether.exp
devkitadv-r5-beta-3/share/dejagnu/config/ddb.exp
devkitadv-r5-beta-3/share/dejagnu/config/default.exp
devkitadv-r5-beta-3/share/dejagnu/config/dos.exp
devkitadv-r5-beta-3/share/dejagnu/config/dve.exp
devkitadv-r5-beta-3/share/dejagnu/config/gdb-comm.exp
devkitadv-r5-beta-3/share/dejagnu/config/gdb_stub.exp
devkitadv-r5-beta-3/share/dejagnu/config/h8300.exp
devkitadv-r5-beta-3/share/dejagnu/config/i386-bozo.exp
devkitadv-r5-beta-3/share/dejagnu/config/i960.exp
devkitadv-r5-beta-3/share/dejagnu/config/m32r-stub.exp
devkitadv-r5-beta-3/share/dejagnu/config/m32r.exp
devkitadv-r5-beta-3/share/dejagnu/config/m68hc11.exp
devkitadv-r5-beta-3/share/dejagnu/config/m68k-emc.exp
devkitadv-r5-beta-3/share/dejagnu/config/mips-idt.exp
devkitadv-r5-beta-3/share/dejagnu/config/mn10200-eval.exp
devkitadv-r5-beta-3/share/dejagnu/config/mn10300-eval.exp
devkitadv-r5-beta-3/share/dejagnu/config/netware.exp
devkitadv-r5-beta-3/share/dejagnu/config/powerpc-bug.exp
devkitadv-r5-beta-3/share/dejagnu/config/proelf.exp
devkitadv-r5-beta-3/share/dejagnu/config/README
devkitadv-r5-beta-3/share/dejagnu/config/rom68k.exp
devkitadv-r5-beta-3/share/dejagnu/config/sh.exp
devkitadv-r5-beta-3/share/dejagnu/config/sid.exp
devkitadv-r5-beta-3/share/dejagnu/config/sim.exp
devkitadv-r5-beta-3/share/dejagnu/config/slite.exp
devkitadv-r5-beta-3/share/dejagnu/config/sparclet.exp
devkitadv-r5-beta-3/share/dejagnu/config/tic80.exp
devkitadv-r5-beta-3/share/dejagnu/config/udi.exp
devkitadv-r5-beta-3/share/dejagnu/config/unix.exp
devkitadv-r5-beta-3/share/dejagnu/config/vr4100.exp
devkitadv-r5-beta-3/share/dejagnu/config/vr4300.exp
devkitadv-r5-beta-3/share/dejagnu/config/vr5000.exp
devkitadv-r5-beta-3/share/dejagnu/config/vrtx.exp
devkitadv-r5-beta-3/share/dejagnu/config/vxworks.exp
devkitadv-r5-beta-3/share/dejagnu/debugger.exp
devkitadv-r5-beta-3/share/dejagnu/dejagnu.exp
devkitadv-r5-beta-3/share/dejagnu/dg.exp
devkitadv-r5-beta-3/share/dejagnu/framework.exp
devkitadv-r5-beta-3/share/dejagnu/ftp.exp
devkitadv-r5-beta-3/share/dejagnu/i960glue.c
devkitadv-r5-beta-3/share/dejagnu/kermit.exp
devkitadv-r5-beta-3/share/dejagnu/libgloss.exp
devkitadv-r5-beta-3/share/dejagnu/mondfe.exp
devkitadv-r5-beta-3/share/dejagnu/remote.exp
devkitadv-r5-beta-3/share/dejagnu/rlogin.exp
devkitadv-r5-beta-3/share/dejagnu/rsh.exp
devkitadv-r5-beta-3/share/dejagnu/runtest.exp
devkitadv-r5-beta-3/share/dejagnu/standard.exp
devkitadv-r5-beta-3/share/dejagnu/stub-loader.c
devkitadv-r5-beta-3/share/dejagnu/target.exp
devkitadv-r5-beta-3/share/dejagnu/targetdb.exp
devkitadv-r5-beta-3/share/dejagnu/telnet.exp
devkitadv-r5-beta-3/share/dejagnu/testglue.c
devkitadv-r5-beta-3/share/dejagnu/tip.exp
devkitadv-r5-beta-3/share/dejagnu/util-defs.exp
devkitadv-r5-beta-3/share/dejagnu/utils.exp
devkitadv-r5-beta-3/share/dejagnu/xsh.exp
devkitadv-r5-beta-3/share/insight1.0/about.tcl
devkitadv-r5-beta-3/share/insight1.0/actiondlg.tcl
devkitadv-r5-beta-3/share/insight1.0/attachdlg.itb
devkitadv-r5-beta-3/share/insight1.0/attachdlg.ith
devkitadv-r5-beta-3/share/insight1.0/blockframe.itb
devkitadv-r5-beta-3/share/insight1.0/blockframe.ith
devkitadv-r5-beta-3/share/insight1.0/bpwin.itb
devkitadv-r5-beta-3/share/insight1.0/bpwin.ith
devkitadv-r5-beta-3/share/insight1.0/browserwin.itb
devkitadv-r5-beta-3/share/insight1.0/browserwin.ith
devkitadv-r5-beta-3/share/insight1.0/console.itb
devkitadv-r5-beta-3/share/insight1.0/console.ith
devkitadv-r5-beta-3/share/insight1.0/data.itb
devkitadv-r5-beta-3/share/insight1.0/data.ith
devkitadv-r5-beta-3/share/insight1.0/debugwin.itb
devkitadv-r5-beta-3/share/insight1.0/debugwin.ith
devkitadv-r5-beta-3/share/insight1.0/download.itb
devkitadv-r5-beta-3/share/insight1.0/download.ith
devkitadv-r5-beta-3/share/insight1.0/editor.tcl
devkitadv-r5-beta-3/share/insight1.0/ehandler.itb
devkitadv-r5-beta-3/share/insight1.0/ehandler.ith
devkitadv-r5-beta-3/share/insight1.0/embeddedwin.ith
devkitadv-r5-beta-3/share/insight1.0/gdbevent.itb
devkitadv-r5-beta-3/share/insight1.0/gdbevent.ith
devkitadv-r5-beta-3/share/insight1.0/gdbmenubar.itcl
devkitadv-r5-beta-3/share/insight1.0/gdbtoolbar.itcl
devkitadv-r5-beta-3/share/insight1.0/gdbwin.ith
devkitadv-r5-beta-3/share/insight1.0/globalpref.itb
devkitadv-r5-beta-3/share/insight1.0/globalpref.ith
devkitadv-r5-beta-3/share/insight1.0/help/breakpoint.html
devkitadv-r5-beta-3/share/insight1.0/help/browser.html
devkitadv-r5-beta-3/share/insight1.0/help/console.html
devkitadv-r5-beta-3/share/insight1.0/help/debug.html
devkitadv-r5-beta-3/share/insight1.0/help/gbl_pref.html
devkitadv-r5-beta-3/share/insight1.0/help/help.html
devkitadv-r5-beta-3/share/insight1.0/help/images/frame_info.gif
devkitadv-r5-beta-3/share/insight1.0/help/images/index.gif
devkitadv-r5-beta-3/share/insight1.0/help/images/mem_menu.gif
devkitadv-r5-beta-3/share/insight1.0/help/images/mem_popup.gif
devkitadv-r5-beta-3/share/insight1.0/help/images/mem_pref.gif
devkitadv-r5-beta-3/share/insight1.0/help/images/src_bal.gif
devkitadv-r5-beta-3/share/insight1.0/help/images/src_bpop.gif
devkitadv-r5-beta-3/share/insight1.0/help/images/src_bp_bal.gif
devkitadv-r5-beta-3/share/insight1.0/help/images/src_menu.gif
devkitadv-r5-beta-3/share/insight1.0/help/images/src_pop.gif
devkitadv-r5-beta-3/share/insight1.0/help/images/src_stat.gif
devkitadv-r5-beta-3/share/insight1.0/help/images/src_thread.gif
devkitadv-r5-beta-3/share/insight1.0/help/images/src_toolbar.gif
devkitadv-r5-beta-3/share/insight1.0/help/index.html
devkitadv-r5-beta-3/share/insight1.0/help/license.html
devkitadv-r5-beta-3/share/insight1.0/help/locals.html
devkitadv-r5-beta-3/share/insight1.0/help/memory.html
devkitadv-r5-beta-3/share/insight1.0/help/register.html
devkitadv-r5-beta-3/share/insight1.0/help/reg_pref.html
devkitadv-r5-beta-3/share/insight1.0/help/session.html
devkitadv-r5-beta-3/share/insight1.0/help/source.html
devkitadv-r5-beta-3/share/insight1.0/help/src_pref.html
devkitadv-r5-beta-3/share/insight1.0/help/stack.html
devkitadv-r5-beta-3/share/insight1.0/help/target.html
devkitadv-r5-beta-3/share/insight1.0/help/thread.html
devkitadv-r5-beta-3/share/insight1.0/help/trace/console.html
devkitadv-r5-beta-3/share/insight1.0/help/trace/gbl_pref.html
devkitadv-r5-beta-3/share/insight1.0/help/trace/help.html
devkitadv-r5-beta-3/share/insight1.0/help/trace/index.toc
devkitadv-r5-beta-3/share/insight1.0/help/trace/license.html
devkitadv-r5-beta-3/share/insight1.0/help/trace/locals.html
devkitadv-r5-beta-3/share/insight1.0/help/trace/memory.html
devkitadv-r5-beta-3/share/insight1.0/help/trace/register.html
devkitadv-r5-beta-3/share/insight1.0/help/trace/reg_pref.html
devkitadv-r5-beta-3/share/insight1.0/help/trace/source.html
devkitadv-r5-beta-3/share/insight1.0/help/trace/src_pref.html
devkitadv-r5-beta-3/share/insight1.0/help/trace/stack.html
devkitadv-r5-beta-3/share/insight1.0/help/trace/target.html
devkitadv-r5-beta-3/share/insight1.0/help/trace/tdump.html
devkitadv-r5-beta-3/share/insight1.0/help/trace/tp.html
devkitadv-r5-beta-3/share/insight1.0/help/trace/tracedlg.html
devkitadv-r5-beta-3/share/insight1.0/help/trace/watch.html
devkitadv-r5-beta-3/share/insight1.0/help/watch.html
devkitadv-r5-beta-3/share/insight1.0/helpviewer.itb
devkitadv-r5-beta-3/share/insight1.0/helpviewer.ith
devkitadv-r5-beta-3/share/insight1.0/images/back.gif
devkitadv-r5-beta-3/share/insight1.0/images/bottom.gif
devkitadv-r5-beta-3/share/insight1.0/images/bp.gif
devkitadv-r5-beta-3/share/insight1.0/images/build.gif
devkitadv-r5-beta-3/share/insight1.0/images/check.gif
devkitadv-r5-beta-3/share/insight1.0/images/console.gif
devkitadv-r5-beta-3/share/insight1.0/images/continue.gif
devkitadv-r5-beta-3/share/insight1.0/images/down.gif
devkitadv-r5-beta-3/share/insight1.0/images/edit.gif
devkitadv-r5-beta-3/share/insight1.0/images/file.gif
devkitadv-r5-beta-3/share/insight1.0/images/finish.gif
devkitadv-r5-beta-3/share/insight1.0/images/fore.gif
devkitadv-r5-beta-3/share/insight1.0/images/gdbtk.gif
devkitadv-r5-beta-3/share/insight1.0/images/gdbtk_icon.gif
devkitadv-r5-beta-3/share/insight1.0/images/help.gif
devkitadv-r5-beta-3/share/insight1.0/images/home.gif
devkitadv-r5-beta-3/share/insight1.0/images/icons.txt
devkitadv-r5-beta-3/share/insight1.0/images/insight.gif
devkitadv-r5-beta-3/share/insight1.0/images/less.gif
devkitadv-r5-beta-3/share/insight1.0/images/memory.gif
devkitadv-r5-beta-3/share/insight1.0/images/more.gif
devkitadv-r5-beta-3/share/insight1.0/images/Movie_off.gif
devkitadv-r5-beta-3/share/insight1.0/images/Movie_on.gif
devkitadv-r5-beta-3/share/insight1.0/images/next.gif
devkitadv-r5-beta-3/share/insight1.0/images/nexti.gif
devkitadv-r5-beta-3/share/insight1.0/images/next_check.gif
devkitadv-r5-beta-3/share/insight1.0/images/next_frame.gif
devkitadv-r5-beta-3/share/insight1.0/images/next_hit.gif
devkitadv-r5-beta-3/share/insight1.0/images/next_line.gif
devkitadv-r5-beta-3/share/insight1.0/images/open.gif
devkitadv-r5-beta-3/share/insight1.0/images/opt.gif
devkitadv-r5-beta-3/share/insight1.0/images/prev_hit.gif
devkitadv-r5-beta-3/share/insight1.0/images/reg.gif
devkitadv-r5-beta-3/share/insight1.0/images/rewind.gif
devkitadv-r5-beta-3/share/insight1.0/images/run.gif
devkitadv-r5-beta-3/share/insight1.0/images/run_expt.gif
devkitadv-r5-beta-3/share/insight1.0/images/src.gif
devkitadv-r5-beta-3/share/insight1.0/images/stack.gif
devkitadv-r5-beta-3/share/insight1.0/images/step.gif
devkitadv-r5-beta-3/share/insight1.0/images/stepi.gif
devkitadv-r5-beta-3/share/insight1.0/images/stop.gif
devkitadv-r5-beta-3/share/insight1.0/images/tdump.gif
devkitadv-r5-beta-3/share/insight1.0/images/tools.gif
devkitadv-r5-beta-3/share/insight1.0/images/tools2_3d.gif
devkitadv-r5-beta-3/share/insight1.0/images/tp.gif
devkitadv-r5-beta-3/share/insight1.0/images/up.gif
devkitadv-r5-beta-3/share/insight1.0/images/vars.gif
devkitadv-r5-beta-3/share/insight1.0/images/vmake.gif
devkitadv-r5-beta-3/share/insight1.0/images/watch.gif
devkitadv-r5-beta-3/share/insight1.0/images/watch_movie.gif
devkitadv-r5-beta-3/share/insight1.0/images2/back.gif
devkitadv-r5-beta-3/share/insight1.0/images2/bottom.gif
devkitadv-r5-beta-3/share/insight1.0/images2/bp.gif
devkitadv-r5-beta-3/share/insight1.0/images2/build.gif
devkitadv-r5-beta-3/share/insight1.0/images2/check.gif
devkitadv-r5-beta-3/share/insight1.0/images2/console.gif
devkitadv-r5-beta-3/share/insight1.0/images2/continue.gif
devkitadv-r5-beta-3/share/insight1.0/images2/down.gif
devkitadv-r5-beta-3/share/insight1.0/images2/edit.gif
devkitadv-r5-beta-3/share/insight1.0/images2/file.gif
devkitadv-r5-beta-3/share/insight1.0/images2/finish.gif
devkitadv-r5-beta-3/share/insight1.0/images2/fore.gif
devkitadv-r5-beta-3/share/insight1.0/images2/function.gif
devkitadv-r5-beta-3/share/insight1.0/images2/gdbtk.gif
devkitadv-r5-beta-3/share/insight1.0/images2/gdbtk_icon.gif
devkitadv-r5-beta-3/share/insight1.0/images2/help.gif
devkitadv-r5-beta-3/share/insight1.0/images2/home.gif
devkitadv-r5-beta-3/share/insight1.0/images2/icons.txt
devkitadv-r5-beta-3/share/insight1.0/images2/insight.gif
devkitadv-r5-beta-3/share/insight1.0/images2/less.gif
devkitadv-r5-beta-3/share/insight1.0/images2/load.gif
devkitadv-r5-beta-3/share/insight1.0/images2/memory.gif
devkitadv-r5-beta-3/share/insight1.0/images2/more.gif
devkitadv-r5-beta-3/share/insight1.0/images2/Movie_off.gif
devkitadv-r5-beta-3/share/insight1.0/images2/Movie_on.gif
devkitadv-r5-beta-3/share/insight1.0/images2/next.gif
devkitadv-r5-beta-3/share/insight1.0/images2/nexti.gif
devkitadv-r5-beta-3/share/insight1.0/images2/next_check.gif
devkitadv-r5-beta-3/share/insight1.0/images2/next_frame.gif
devkitadv-r5-beta-3/share/insight1.0/images2/next_hit.gif
devkitadv-r5-beta-3/share/insight1.0/images2/next_line.gif
devkitadv-r5-beta-3/share/insight1.0/images2/open.gif
devkitadv-r5-beta-3/share/insight1.0/images2/opt.gif
devkitadv-r5-beta-3/share/insight1.0/images2/prev_hit.gif
devkitadv-r5-beta-3/share/insight1.0/images2/reg.gif
devkitadv-r5-beta-3/share/insight1.0/images2/rewind.gif
devkitadv-r5-beta-3/share/insight1.0/images2/run.gif
devkitadv-r5-beta-3/share/insight1.0/images2/run_expt.gif
devkitadv-r5-beta-3/share/insight1.0/images2/src.gif
devkitadv-r5-beta-3/share/insight1.0/images2/stack.gif
devkitadv-r5-beta-3/share/insight1.0/images2/step.gif
devkitadv-r5-beta-3/share/insight1.0/images2/stepi.gif
devkitadv-r5-beta-3/share/insight1.0/images2/stop.gif
devkitadv-r5-beta-3/share/insight1.0/images2/target.gif
devkitadv-r5-beta-3/share/insight1.0/images2/tdump.gif
devkitadv-r5-beta-3/share/insight1.0/images2/tools.gif
devkitadv-r5-beta-3/share/insight1.0/images2/tools2_3d.gif
devkitadv-r5-beta-3/share/insight1.0/images2/tp.gif
devkitadv-r5-beta-3/share/insight1.0/images2/up.gif
devkitadv-r5-beta-3/share/insight1.0/images2/vars.gif
devkitadv-r5-beta-3/share/insight1.0/images2/vmake.gif
devkitadv-r5-beta-3/share/insight1.0/images2/watch.gif
devkitadv-r5-beta-3/share/insight1.0/images2/watch_movie.gif
devkitadv-r5-beta-3/share/insight1.0/interface.tcl
devkitadv-r5-beta-3/share/insight1.0/kod.itb
devkitadv-r5-beta-3/share/insight1.0/kod.ith
devkitadv-r5-beta-3/share/insight1.0/locals.tcl
devkitadv-r5-beta-3/share/insight1.0/main.tcl
devkitadv-r5-beta-3/share/insight1.0/managedwin.itb
devkitadv-r5-beta-3/share/insight1.0/managedwin.ith
devkitadv-r5-beta-3/share/insight1.0/mempref.itb
devkitadv-r5-beta-3/share/insight1.0/mempref.ith
devkitadv-r5-beta-3/share/insight1.0/memwin.itb
devkitadv-r5-beta-3/share/insight1.0/memwin.ith
devkitadv-r5-beta-3/share/insight1.0/modal.tcl
devkitadv-r5-beta-3/share/insight1.0/pluginwin.itcl
devkitadv-r5-beta-3/share/insight1.0/prefs.tcl
devkitadv-r5-beta-3/share/insight1.0/process.itb
devkitadv-r5-beta-3/share/insight1.0/process.ith
devkitadv-r5-beta-3/share/insight1.0/regwin.itb
devkitadv-r5-beta-3/share/insight1.0/regwin.ith
devkitadv-r5-beta-3/share/insight1.0/session.tcl
devkitadv-r5-beta-3/share/insight1.0/srcbar.itcl
devkitadv-r5-beta-3/share/insight1.0/srcpref.itb
devkitadv-r5-beta-3/share/insight1.0/srcpref.ith
devkitadv-r5-beta-3/share/insight1.0/srctextwin.itb
devkitadv-r5-beta-3/share/insight1.0/srctextwin.ith
devkitadv-r5-beta-3/share/insight1.0/srcwin.itb
devkitadv-r5-beta-3/share/insight1.0/srcwin.ith
devkitadv-r5-beta-3/share/insight1.0/stackwin.itb
devkitadv-r5-beta-3/share/insight1.0/stackwin.ith
devkitadv-r5-beta-3/share/insight1.0/targetselection.itb
devkitadv-r5-beta-3/share/insight1.0/targetselection.ith
devkitadv-r5-beta-3/share/insight1.0/tclIndex
devkitadv-r5-beta-3/share/insight1.0/tdump.tcl
devkitadv-r5-beta-3/share/insight1.0/tfind_args.tcl
devkitadv-r5-beta-3/share/insight1.0/toolbar.tcl
devkitadv-r5-beta-3/share/insight1.0/toplevelwin.ith
devkitadv-r5-beta-3/share/insight1.0/tracedlg.tcl
devkitadv-r5-beta-3/share/insight1.0/tty.tcl
devkitadv-r5-beta-3/share/insight1.0/util.tcl
devkitadv-r5-beta-3/share/insight1.0/variables.tcl
devkitadv-r5-beta-3/share/insight1.0/warning.tcl
devkitadv-r5-beta-3/share/insight1.0/watch.tcl
devkitadv-r5-beta-3/share/itcl3.0/itcl.tcl
devkitadv-r5-beta-3/share/itcl3.0/pkgIndex.tcl
devkitadv-r5-beta-3/share/itk3.0/Archetype.itk
devkitadv-r5-beta-3/share/itk3.0/itk.tcl
devkitadv-r5-beta-3/share/itk3.0/pkgIndex.tcl
devkitadv-r5-beta-3/share/itk3.0/tclIndex
devkitadv-r5-beta-3/share/itk3.0/Toplevel.itk
devkitadv-r5-beta-3/share/itk3.0/Widget.itk
devkitadv-r5-beta-3/share/iwidgets3.0.0/demos/buttonbox
devkitadv-r5-beta-3/share/iwidgets3.0.0/demos/calendar
devkitadv-r5-beta-3/share/iwidgets3.0.0/demos/canvasprintdialog
devkitadv-r5-beta-3/share/iwidgets3.0.0/demos/checkbox
devkitadv-r5-beta-3/share/iwidgets3.0.0/demos/combobox
devkitadv-r5-beta-3/share/iwidgets3.0.0/demos/dateentry
devkitadv-r5-beta-3/share/iwidgets3.0.0/demos/datefield
devkitadv-r5-beta-3/share/iwidgets3.0.0/demos/demo.html
devkitadv-r5-beta-3/share/iwidgets3.0.0/demos/dialog
devkitadv-r5-beta-3/share/iwidgets3.0.0/demos/dialogshell
devkitadv-r5-beta-3/share/iwidgets3.0.0/demos/disjointlistbox
devkitadv-r5-beta-3/share/iwidgets3.0.0/demos/entryfield
devkitadv-r5-beta-3/share/iwidgets3.0.0/demos/extfileselectionbox
devkitadv-r5-beta-3/share/iwidgets3.0.0/demos/extfileselectiondialog
devkitadv-r5-beta-3/share/iwidgets3.0.0/demos/feedback
devkitadv-r5-beta-3/share/iwidgets3.0.0/demos/fileselectionbox
devkitadv-r5-beta-3/share/iwidgets3.0.0/demos/fileselectiondialog
devkitadv-r5-beta-3/share/iwidgets3.0.0/demos/finddialog
devkitadv-r5-beta-3/share/iwidgets3.0.0/demos/hierarchy
devkitadv-r5-beta-3/share/iwidgets3.0.0/demos/html/buttonbox.n.html
devkitadv-r5-beta-3/share/iwidgets3.0.0/demos/html/canvasprintbox.n.html
devkitadv-r5-beta-3/share/iwidgets3.0.0/demos/html/canvasprintdialog.n.html
devkitadv-r5-beta-3/share/iwidgets3.0.0/demos/html/combobox.n.html
devkitadv-r5-beta-3/share/iwidgets3.0.0/demos/html/dialog.n.html
devkitadv-r5-beta-3/share/iwidgets3.0.0/demos/html/dialogshell.n.html
devkitadv-r5-beta-3/share/iwidgets3.0.0/demos/html/entryfield.n.html
devkitadv-r5-beta-3/share/iwidgets3.0.0/demos/html/feedback.n.html
devkitadv-r5-beta-3/share/iwidgets3.0.0/demos/html/fileselectionbox.n.html
devkitadv-r5-beta-3/share/iwidgets3.0.0/demos/html/fileselectiondialog.n.html
devkitadv-r5-beta-3/share/iwidgets3.0.0/demos/html/hyperhelp.n.html
devkitadv-r5-beta-3/share/iwidgets3.0.0/demos/html/iwidgets2.2.0UserCmds.html
devkitadv-r5-beta-3/share/iwidgets3.0.0/demos/html/labeledwidget.n.html
devkitadv-r5-beta-3/share/iwidgets3.0.0/demos/html/menubar.n.html
devkitadv-r5-beta-3/share/iwidgets3.0.0/demos/html/messagedialog.n.html
devkitadv-r5-beta-3/share/iwidgets3.0.0/demos/html/notebook.n.html
devkitadv-r5-beta-3/share/iwidgets3.0.0/demos/html/optionmenu.n.html
devkitadv-r5-beta-3/share/iwidgets3.0.0/demos/html/panedwindow.n.html
devkitadv-r5-beta-3/share/iwidgets3.0.0/demos/html/promptdialog.n.html
devkitadv-r5-beta-3/share/iwidgets3.0.0/demos/html/pushbutton.n.html
devkitadv-r5-beta-3/share/iwidgets3.0.0/demos/html/radiobox.n.html
devkitadv-r5-beta-3/share/iwidgets3.0.0/demos/html/scrolledcanvas.n.html
devkitadv-r5-beta-3/share/iwidgets3.0.0/demos/html/scrolledframe.n.html
devkitadv-r5-beta-3/share/iwidgets3.0.0/demos/html/scrolledhtml.n.html
devkitadv-r5-beta-3/share/iwidgets3.0.0/demos/html/scrolledlistbox.n.html
devkitadv-r5-beta-3/share/iwidgets3.0.0/demos/html/scrolledtext.n.html
devkitadv-r5-beta-3/share/iwidgets3.0.0/demos/html/selectionbox.n.html
devkitadv-r5-beta-3/share/iwidgets3.0.0/demos/html/selectiondialog.n.html
devkitadv-r5-beta-3/share/iwidgets3.0.0/demos/html/shell.n.html
devkitadv-r5-beta-3/share/iwidgets3.0.0/demos/html/spindate.n.html
devkitadv-r5-beta-3/share/iwidgets3.0.0/demos/html/spinint.n.html
devkitadv-r5-beta-3/share/iwidgets3.0.0/demos/html/spinner.n.html
devkitadv-r5-beta-3/share/iwidgets3.0.0/demos/html/spintime.n.html
devkitadv-r5-beta-3/share/iwidgets3.0.0/demos/html/tabnotebook.n.html
devkitadv-r5-beta-3/share/iwidgets3.0.0/demos/html/tabset.n.html
devkitadv-r5-beta-3/share/iwidgets3.0.0/demos/html/toolbar.n.html
devkitadv-r5-beta-3/share/iwidgets3.0.0/demos/hyperhelp
devkitadv-r5-beta-3/share/iwidgets3.0.0/demos/images/box.xbm
devkitadv-r5-beta-3/share/iwidgets3.0.0/demos/images/clear.gif
devkitadv-r5-beta-3/share/iwidgets3.0.0/demos/images/close.gif
devkitadv-r5-beta-3/share/iwidgets3.0.0/demos/images/copy.gif
devkitadv-r5-beta-3/share/iwidgets3.0.0/demos/images/cut.gif
devkitadv-r5-beta-3/share/iwidgets3.0.0/demos/images/exit.gif
devkitadv-r5-beta-3/share/iwidgets3.0.0/demos/images/find.gif
devkitadv-r5-beta-3/share/iwidgets3.0.0/demos/images/help.gif
devkitadv-r5-beta-3/share/iwidgets3.0.0/demos/images/line.xbm
devkitadv-r5-beta-3/share/iwidgets3.0.0/demos/images/mag.gif
devkitadv-r5-beta-3/share/iwidgets3.0.0/demos/images/new.gif
devkitadv-r5-beta-3/share/iwidgets3.0.0/demos/images/open.gif
devkitadv-r5-beta-3/share/iwidgets3.0.0/demos/images/oval.xbm
devkitadv-r5-beta-3/share/iwidgets3.0.0/demos/images/paste.gif
devkitadv-r5-beta-3/share/iwidgets3.0.0/demos/images/points.xbm
devkitadv-r5-beta-3/share/iwidgets3.0.0/demos/images/poly.gif
devkitadv-r5-beta-3/share/iwidgets3.0.0/demos/images/print.gif
devkitadv-r5-beta-3/share/iwidgets3.0.0/demos/images/ruler.gif
devkitadv-r5-beta-3/share/iwidgets3.0.0/demos/images/save.gif
devkitadv-r5-beta-3/share/iwidgets3.0.0/demos/images/select.gif
devkitadv-r5-beta-3/share/iwidgets3.0.0/demos/images/text.xbm
devkitadv-r5-beta-3/share/iwidgets3.0.0/demos/iwidgets.gif
devkitadv-r5-beta-3/share/iwidgets3.0.0/demos/labeledframe
devkitadv-r5-beta-3/share/iwidgets3.0.0/demos/labeledwidget
devkitadv-r5-beta-3/share/iwidgets3.0.0/demos/mainwindow
devkitadv-r5-beta-3/share/iwidgets3.0.0/demos/menubar
devkitadv-r5-beta-3/share/iwidgets3.0.0/demos/messagebox
devkitadv-r5-beta-3/share/iwidgets3.0.0/demos/messagedialog
devkitadv-r5-beta-3/share/iwidgets3.0.0/demos/notebook
devkitadv-r5-beta-3/share/iwidgets3.0.0/demos/optionmenu
devkitadv-r5-beta-3/share/iwidgets3.0.0/demos/panedwindow
devkitadv-r5-beta-3/share/iwidgets3.0.0/demos/promptdialog
devkitadv-r5-beta-3/share/iwidgets3.0.0/demos/pushbutton
devkitadv-r5-beta-3/share/iwidgets3.0.0/demos/radiobox
devkitadv-r5-beta-3/share/iwidgets3.0.0/demos/scrolledcanvas
devkitadv-r5-beta-3/share/iwidgets3.0.0/demos/scrolledframe
devkitadv-r5-beta-3/share/iwidgets3.0.0/demos/scrolledhtml
devkitadv-r5-beta-3/share/iwidgets3.0.0/demos/scrolledlistbox
devkitadv-r5-beta-3/share/iwidgets3.0.0/demos/scrolledtext
devkitadv-r5-beta-3/share/iwidgets3.0.0/demos/selectionbox
devkitadv-r5-beta-3/share/iwidgets3.0.0/demos/selectiondialog
devkitadv-r5-beta-3/share/iwidgets3.0.0/demos/spindate
devkitadv-r5-beta-3/share/iwidgets3.0.0/demos/spinint
devkitadv-r5-beta-3/share/iwidgets3.0.0/demos/spinner
devkitadv-r5-beta-3/share/iwidgets3.0.0/demos/spintime
devkitadv-r5-beta-3/share/iwidgets3.0.0/demos/tabnotebook
devkitadv-r5-beta-3/share/iwidgets3.0.0/demos/tabset
devkitadv-r5-beta-3/share/iwidgets3.0.0/demos/timeentry
devkitadv-r5-beta-3/share/iwidgets3.0.0/demos/timefield
devkitadv-r5-beta-3/share/iwidgets3.0.0/demos/toolbar
devkitadv-r5-beta-3/share/iwidgets3.0.0/demos/watch
devkitadv-r5-beta-3/share/iwidgets3.0.0/iwidgets.tcl
devkitadv-r5-beta-3/share/iwidgets3.0.0/pkgIndex.tcl
devkitadv-r5-beta-3/share/iwidgets3.0.0/scripts/buttonbox.itk
devkitadv-r5-beta-3/share/iwidgets3.0.0/scripts/calendar.itk
devkitadv-r5-beta-3/share/iwidgets3.0.0/scripts/canvasprintbox.itk
devkitadv-r5-beta-3/share/iwidgets3.0.0/scripts/canvasprintdialog.itk
devkitadv-r5-beta-3/share/iwidgets3.0.0/scripts/checkbox.itk
devkitadv-r5-beta-3/share/iwidgets3.0.0/scripts/colors.itcl
devkitadv-r5-beta-3/share/iwidgets3.0.0/scripts/combobox.itk
devkitadv-r5-beta-3/share/iwidgets3.0.0/scripts/dateentry.itk
devkitadv-r5-beta-3/share/iwidgets3.0.0/scripts/datefield.itk
devkitadv-r5-beta-3/share/iwidgets3.0.0/scripts/dialog.itk
devkitadv-r5-beta-3/share/iwidgets3.0.0/scripts/dialogshell.itk
devkitadv-r5-beta-3/share/iwidgets3.0.0/scripts/disjointlistbox.itk
devkitadv-r5-beta-3/share/iwidgets3.0.0/scripts/entryfield.itk
devkitadv-r5-beta-3/share/iwidgets3.0.0/scripts/extfileselectionbox.itk
devkitadv-r5-beta-3/share/iwidgets3.0.0/scripts/extfileselectiondialog.itk
devkitadv-r5-beta-3/share/iwidgets3.0.0/scripts/feedback.itk
devkitadv-r5-beta-3/share/iwidgets3.0.0/scripts/fileselectionbox.itk
devkitadv-r5-beta-3/share/iwidgets3.0.0/scripts/fileselectiondialog.itk
devkitadv-r5-beta-3/share/iwidgets3.0.0/scripts/finddialog.itk
devkitadv-r5-beta-3/share/iwidgets3.0.0/scripts/hierarchy.itk
devkitadv-r5-beta-3/share/iwidgets3.0.0/scripts/hyperhelp.itk
devkitadv-r5-beta-3/share/iwidgets3.0.0/scripts/labeledframe.itk
devkitadv-r5-beta-3/share/iwidgets3.0.0/scripts/labeledwidget.itk
devkitadv-r5-beta-3/share/iwidgets3.0.0/scripts/mainwindow.itk
devkitadv-r5-beta-3/share/iwidgets3.0.0/scripts/menubar.itk
devkitadv-r5-beta-3/share/iwidgets3.0.0/scripts/messagebox.itk
devkitadv-r5-beta-3/share/iwidgets3.0.0/scripts/messagedialog.itk
devkitadv-r5-beta-3/share/iwidgets3.0.0/scripts/notebook.itk
devkitadv-r5-beta-3/share/iwidgets3.0.0/scripts/optionmenu.itk
devkitadv-r5-beta-3/share/iwidgets3.0.0/scripts/pane.itk
devkitadv-r5-beta-3/share/iwidgets3.0.0/scripts/panedwindow.itk
devkitadv-r5-beta-3/share/iwidgets3.0.0/scripts/promptdialog.itk
devkitadv-r5-beta-3/share/iwidgets3.0.0/scripts/pushbutton.itk
devkitadv-r5-beta-3/share/iwidgets3.0.0/scripts/radiobox.itk
devkitadv-r5-beta-3/share/iwidgets3.0.0/scripts/regexpfield.itk
devkitadv-r5-beta-3/share/iwidgets3.0.0/scripts/roman.itcl
devkitadv-r5-beta-3/share/iwidgets3.0.0/scripts/scopedobject.itcl
devkitadv-r5-beta-3/share/iwidgets3.0.0/scripts/scrolledcanvas.itk
devkitadv-r5-beta-3/share/iwidgets3.0.0/scripts/scrolledframe.itk
devkitadv-r5-beta-3/share/iwidgets3.0.0/scripts/scrolledhtml.itk
devkitadv-r5-beta-3/share/iwidgets3.0.0/scripts/scrolledlistbox.itk
devkitadv-r5-beta-3/share/iwidgets3.0.0/scripts/scrolledtext.itk
devkitadv-r5-beta-3/share/iwidgets3.0.0/scripts/scrolledwidget.itk
devkitadv-r5-beta-3/share/iwidgets3.0.0/scripts/selectionbox.itk
devkitadv-r5-beta-3/share/iwidgets3.0.0/scripts/selectiondialog.itk
devkitadv-r5-beta-3/share/iwidgets3.0.0/scripts/shell.itk
devkitadv-r5-beta-3/share/iwidgets3.0.0/scripts/spindate.itk
devkitadv-r5-beta-3/share/iwidgets3.0.0/scripts/spinint.itk
devkitadv-r5-beta-3/share/iwidgets3.0.0/scripts/spinner.itk
devkitadv-r5-beta-3/share/iwidgets3.0.0/scripts/spintime.itk
devkitadv-r5-beta-3/share/iwidgets3.0.0/scripts/tabnotebook.itk
devkitadv-r5-beta-3/share/iwidgets3.0.0/scripts/tabset.itk
devkitadv-r5-beta-3/share/iwidgets3.0.0/scripts/tclIndex
devkitadv-r5-beta-3/share/iwidgets3.0.0/scripts/timeentry.itk
devkitadv-r5-beta-3/share/iwidgets3.0.0/scripts/timefield.itk
devkitadv-r5-beta-3/share/iwidgets3.0.0/scripts/toolbar.itk
devkitadv-r5-beta-3/share/iwidgets3.0.0/scripts/unknownimage.gif
devkitadv-r5-beta-3/share/iwidgets3.0.0/scripts/watch.itk
devkitadv-r5-beta-3/share/locale/da/LC_MESSAGES/opcodes.mo
devkitadv-r5-beta-3/share/locale/de/LC_MESSAGES/opcodes.mo
devkitadv-r5-beta-3/share/locale/es/LC_MESSAGES/bfd.mo
devkitadv-r5-beta-3/share/locale/es/LC_MESSAGES/opcodes.mo
devkitadv-r5-beta-3/share/locale/fr/LC_MESSAGES/bfd.mo
devkitadv-r5-beta-3/share/locale/fr/LC_MESSAGES/opcodes.mo
devkitadv-r5-beta-3/share/locale/id/LC_MESSAGES/opcodes.mo
devkitadv-r5-beta-3/share/locale/ja/LC_MESSAGES/bfd.mo
devkitadv-r5-beta-3/share/locale/pt_BR/LC_MESSAGES/opcodes.mo
devkitadv-r5-beta-3/share/locale/sv/LC_MESSAGES/bfd.mo
devkitadv-r5-beta-3/share/locale/sv/LC_MESSAGES/opcodes.mo
devkitadv-r5-beta-3/share/locale/tr/LC_MESSAGES/bfd.mo
devkitadv-r5-beta-3/share/locale/tr/LC_MESSAGES/opcodes.mo
devkitadv-r5-beta-3/share/redhat/gui/advice.tcl
devkitadv-r5-beta-3/share/redhat/gui/balloon.tcl
devkitadv-r5-beta-3/share/redhat/gui/bbox.tcl
devkitadv-r5-beta-3/share/redhat/gui/bgerror.tcl
devkitadv-r5-beta-3/share/redhat/gui/bindings.tcl
devkitadv-r5-beta-3/share/redhat/gui/canvas.tcl
devkitadv-r5-beta-3/share/redhat/gui/center.tcl
devkitadv-r5-beta-3/share/redhat/gui/cframe.tcl
devkitadv-r5-beta-3/share/redhat/gui/combobox.tcl
devkitadv-r5-beta-3/share/redhat/gui/debug.tcl
devkitadv-r5-beta-3/share/redhat/gui/def.tcl
devkitadv-r5-beta-3/share/redhat/gui/font.tcl
devkitadv-r5-beta-3/share/redhat/gui/gensym.tcl
devkitadv-r5-beta-3/share/redhat/gui/gettext.tcl
devkitadv-r5-beta-3/share/redhat/gui/hooks.tcl
devkitadv-r5-beta-3/share/redhat/gui/internet.tcl
devkitadv-r5-beta-3/share/redhat/gui/lframe.tcl
devkitadv-r5-beta-3/share/redhat/gui/list.tcl
devkitadv-r5-beta-3/share/redhat/gui/looknfeel.tcl
devkitadv-r5-beta-3/share/redhat/gui/menu.tcl
devkitadv-r5-beta-3/share/redhat/gui/mono.tcl
devkitadv-r5-beta-3/share/redhat/gui/multibox.tcl
devkitadv-r5-beta-3/share/redhat/gui/pane.tcl
devkitadv-r5-beta-3/share/redhat/gui/panedwindow.tcl
devkitadv-r5-beta-3/share/redhat/gui/parse_args.tcl
devkitadv-r5-beta-3/share/redhat/gui/path.tcl
devkitadv-r5-beta-3/share/redhat/gui/pkgIndex.tcl
devkitadv-r5-beta-3/share/redhat/gui/postghost.tcl
devkitadv-r5-beta-3/share/redhat/gui/prefs.tcl
devkitadv-r5-beta-3/share/redhat/gui/print.tcl
devkitadv-r5-beta-3/share/redhat/gui/sendpr.tcl
devkitadv-r5-beta-3/share/redhat/gui/tclIndex
devkitadv-r5-beta-3/share/redhat/gui/toolbar.tcl
devkitadv-r5-beta-3/share/redhat/gui/topbind.tcl
devkitadv-r5-beta-3/share/redhat/gui/ulset.tcl
devkitadv-r5-beta-3/share/redhat/gui/ventry.tcl
devkitadv-r5-beta-3/share/redhat/gui/wframe.tcl
devkitadv-r5-beta-3/share/redhat/gui/wingrab.tcl
devkitadv-r5-beta-3/share/tcl8.0/history.tcl
devkitadv-r5-beta-3/share/tcl8.0/http1.0/http.tcl
devkitadv-r5-beta-3/share/tcl8.0/http1.0/pkgIndex.tcl
devkitadv-r5-beta-3/share/tcl8.0/http2.0/http.tcl
devkitadv-r5-beta-3/share/tcl8.0/http2.0/pkgIndex.tcl
devkitadv-r5-beta-3/share/tcl8.0/init.tcl
devkitadv-r5-beta-3/share/tcl8.0/ldAout.tcl
devkitadv-r5-beta-3/share/tcl8.0/opt0.1/optparse.tcl
devkitadv-r5-beta-3/share/tcl8.0/opt0.1/pkgIndex.tcl
devkitadv-r5-beta-3/share/tcl8.0/parray.tcl
devkitadv-r5-beta-3/share/tcl8.0/safe.tcl
devkitadv-r5-beta-3/share/tcl8.0/tclAppInit.c
devkitadv-r5-beta-3/share/tcl8.0/tclIndex
devkitadv-r5-beta-3/share/tcl8.0/word.tcl
devkitadv-r5-beta-3/share/tix4.1/Balloon.tcl
devkitadv-r5-beta-3/share/tix4.1/bitmaps/act_fold.gif
devkitadv-r5-beta-3/share/tix4.1/bitmaps/act_fold.xbm
devkitadv-r5-beta-3/share/tix4.1/bitmaps/act_fold.xpm
devkitadv-r5-beta-3/share/tix4.1/bitmaps/balarrow.xbm
devkitadv-r5-beta-3/share/tix4.1/bitmaps/cbxarrow.xbm
devkitadv-r5-beta-3/share/tix4.1/bitmaps/ck_def.xbm
devkitadv-r5-beta-3/share/tix4.1/bitmaps/ck_off.xbm
devkitadv-r5-beta-3/share/tix4.1/bitmaps/ck_on.xbm
devkitadv-r5-beta-3/share/tix4.1/bitmaps/cross.xbm
devkitadv-r5-beta-3/share/tix4.1/bitmaps/decr.xbm
devkitadv-r5-beta-3/share/tix4.1/bitmaps/drop.xbm
devkitadv-r5-beta-3/share/tix4.1/bitmaps/file.gif
devkitadv-r5-beta-3/share/tix4.1/bitmaps/file.xbm
devkitadv-r5-beta-3/share/tix4.1/bitmaps/file.xpm
devkitadv-r5-beta-3/share/tix4.1/bitmaps/folder.gif
devkitadv-r5-beta-3/share/tix4.1/bitmaps/folder.xbm
devkitadv-r5-beta-3/share/tix4.1/bitmaps/folder.xpm
devkitadv-r5-beta-3/share/tix4.1/bitmaps/harddisk.xbm
devkitadv-r5-beta-3/share/tix4.1/bitmaps/hourglas.mask
devkitadv-r5-beta-3/share/tix4.1/bitmaps/hourglas.xbm
devkitadv-r5-beta-3/share/tix4.1/bitmaps/incr.xbm
devkitadv-r5-beta-3/share/tix4.1/bitmaps/info.gif
devkitadv-r5-beta-3/share/tix4.1/bitmaps/info.xpm
devkitadv-r5-beta-3/share/tix4.1/bitmaps/maximize.xbm
devkitadv-r5-beta-3/share/tix4.1/bitmaps/minimize.xbm
devkitadv-r5-beta-3/share/tix4.1/bitmaps/minus.gif
devkitadv-r5-beta-3/share/tix4.1/bitmaps/minus.xbm
devkitadv-r5-beta-3/share/tix4.1/bitmaps/minus.xpm
devkitadv-r5-beta-3/share/tix4.1/bitmaps/minusarm.gif
devkitadv-r5-beta-3/share/tix4.1/bitmaps/minusarm.xbm
devkitadv-r5-beta-3/share/tix4.1/bitmaps/minusarm.xpm
devkitadv-r5-beta-3/share/tix4.1/bitmaps/mktransgif.tcl
devkitadv-r5-beta-3/share/tix4.1/bitmaps/network.xbm
devkitadv-r5-beta-3/share/tix4.1/bitmaps/no_entry.gif
devkitadv-r5-beta-3/share/tix4.1/bitmaps/no_entry.xpm
devkitadv-r5-beta-3/share/tix4.1/bitmaps/openfile.xbm
devkitadv-r5-beta-3/share/tix4.1/bitmaps/openfold.gif
devkitadv-r5-beta-3/share/tix4.1/bitmaps/openfold.xbm
devkitadv-r5-beta-3/share/tix4.1/bitmaps/openfold.xpm
devkitadv-r5-beta-3/share/tix4.1/bitmaps/plus.gif
devkitadv-r5-beta-3/share/tix4.1/bitmaps/plus.xbm
devkitadv-r5-beta-3/share/tix4.1/bitmaps/plus.xpm
devkitadv-r5-beta-3/share/tix4.1/bitmaps/plusarm.gif
devkitadv-r5-beta-3/share/tix4.1/bitmaps/plusarm.xbm
devkitadv-r5-beta-3/share/tix4.1/bitmaps/plusarm.xpm
devkitadv-r5-beta-3/share/tix4.1/bitmaps/resize1.xbm
devkitadv-r5-beta-3/share/tix4.1/bitmaps/resize2.xbm
devkitadv-r5-beta-3/share/tix4.1/bitmaps/restore.xbm
devkitadv-r5-beta-3/share/tix4.1/bitmaps/srcfile.gif
devkitadv-r5-beta-3/share/tix4.1/bitmaps/srcfile.xbm
devkitadv-r5-beta-3/share/tix4.1/bitmaps/srcfile.xpm
devkitadv-r5-beta-3/share/tix4.1/bitmaps/system.xbm
devkitadv-r5-beta-3/share/tix4.1/bitmaps/textfile.gif
devkitadv-r5-beta-3/share/tix4.1/bitmaps/textfile.xbm
devkitadv-r5-beta-3/share/tix4.1/bitmaps/textfile.xpm
devkitadv-r5-beta-3/share/tix4.1/bitmaps/tick.xbm
devkitadv-r5-beta-3/share/tix4.1/bitmaps/warning.gif
devkitadv-r5-beta-3/share/tix4.1/bitmaps/warning.xpm
devkitadv-r5-beta-3/share/tix4.1/BtnBox.tcl
devkitadv-r5-beta-3/share/tix4.1/ChkList.tcl
devkitadv-r5-beta-3/share/tix4.1/CObjView.tcl
devkitadv-r5-beta-3/share/tix4.1/ComboBox.tcl
devkitadv-r5-beta-3/share/tix4.1/Compat.tcl
devkitadv-r5-beta-3/share/tix4.1/Console.tcl
devkitadv-r5-beta-3/share/tix4.1/Control.tcl
devkitadv-r5-beta-3/share/tix4.1/DefSchm.tcl
devkitadv-r5-beta-3/share/tix4.1/demos/bitmaps/about.xpm
devkitadv-r5-beta-3/share/tix4.1/demos/bitmaps/bold.xbm
devkitadv-r5-beta-3/share/tix4.1/demos/bitmaps/capital.xbm
devkitadv-r5-beta-3/share/tix4.1/demos/bitmaps/centerj.xbm
devkitadv-r5-beta-3/share/tix4.1/demos/bitmaps/combobox.xbm
devkitadv-r5-beta-3/share/tix4.1/demos/bitmaps/combobox.xpm
devkitadv-r5-beta-3/share/tix4.1/demos/bitmaps/drivea.xbm
devkitadv-r5-beta-3/share/tix4.1/demos/bitmaps/drivea.xpm
devkitadv-r5-beta-3/share/tix4.1/demos/bitmaps/exit.xpm
devkitadv-r5-beta-3/share/tix4.1/demos/bitmaps/filebox.xbm
devkitadv-r5-beta-3/share/tix4.1/demos/bitmaps/filebox.xpm
devkitadv-r5-beta-3/share/tix4.1/demos/bitmaps/harddisk.xbm
devkitadv-r5-beta-3/share/tix4.1/demos/bitmaps/harddisk.xpm
devkitadv-r5-beta-3/share/tix4.1/demos/bitmaps/italic.xbm
devkitadv-r5-beta-3/share/tix4.1/demos/bitmaps/justify.xbm
devkitadv-r5-beta-3/share/tix4.1/demos/bitmaps/leftj.xbm
devkitadv-r5-beta-3/share/tix4.1/demos/bitmaps/netw.xbm
devkitadv-r5-beta-3/share/tix4.1/demos/bitmaps/netw.xpm
devkitadv-r5-beta-3/share/tix4.1/demos/bitmaps/network.xbm
devkitadv-r5-beta-3/share/tix4.1/demos/bitmaps/network.xpm
devkitadv-r5-beta-3/share/tix4.1/demos/bitmaps/optmenu.xpm
devkitadv-r5-beta-3/share/tix4.1/demos/bitmaps/rightj.xbm
devkitadv-r5-beta-3/share/tix4.1/demos/bitmaps/select.xpm
devkitadv-r5-beta-3/share/tix4.1/demos/bitmaps/tix.gif
devkitadv-r5-beta-3/share/tix4.1/demos/bitmaps/underlin.xbm
devkitadv-r5-beta-3/share/tix4.1/demos/MkChoose.tcl
devkitadv-r5-beta-3/share/tix4.1/demos/MkDirLis.tcl
devkitadv-r5-beta-3/share/tix4.1/demos/MkManag.tcl
devkitadv-r5-beta-3/share/tix4.1/demos/MkSample.tcl
devkitadv-r5-beta-3/share/tix4.1/demos/MkScroll.tcl
devkitadv-r5-beta-3/share/tix4.1/demos/README
devkitadv-r5-beta-3/share/tix4.1/demos/samples/AllSampl.tcl
devkitadv-r5-beta-3/share/tix4.1/demos/samples/ArrowBtn.tcl
devkitadv-r5-beta-3/share/tix4.1/demos/samples/Balloon.tcl
devkitadv-r5-beta-3/share/tix4.1/demos/samples/BtnBox.tcl
devkitadv-r5-beta-3/share/tix4.1/demos/samples/ChkList.tcl
devkitadv-r5-beta-3/share/tix4.1/demos/samples/CmpImg.tcl
devkitadv-r5-beta-3/share/tix4.1/demos/samples/CmpImg1.tcl
devkitadv-r5-beta-3/share/tix4.1/demos/samples/CmpImg2.tcl
devkitadv-r5-beta-3/share/tix4.1/demos/samples/CmpImg3.tcl
devkitadv-r5-beta-3/share/tix4.1/demos/samples/CmpImg4.tcl
devkitadv-r5-beta-3/share/tix4.1/demos/samples/CObjView.tcl
devkitadv-r5-beta-3/share/tix4.1/demos/samples/ComboBox.tcl
devkitadv-r5-beta-3/share/tix4.1/demos/samples/Control.tcl
devkitadv-r5-beta-3/share/tix4.1/demos/samples/DirDlg.tcl
devkitadv-r5-beta-3/share/tix4.1/demos/samples/DirList.tcl
devkitadv-r5-beta-3/share/tix4.1/demos/samples/DirTree.tcl
devkitadv-r5-beta-3/share/tix4.1/demos/samples/DragDrop.tcl
devkitadv-r5-beta-3/share/tix4.1/demos/samples/DynTree.tcl
devkitadv-r5-beta-3/share/tix4.1/demos/samples/EditGrid.tcl
devkitadv-r5-beta-3/share/tix4.1/demos/samples/EFileDlg.tcl
devkitadv-r5-beta-3/share/tix4.1/demos/samples/FileDlg.tcl
devkitadv-r5-beta-3/share/tix4.1/demos/samples/FileEnt.tcl
devkitadv-r5-beta-3/share/tix4.1/demos/samples/HList1.tcl
devkitadv-r5-beta-3/share/tix4.1/demos/samples/LabEntry.tcl
devkitadv-r5-beta-3/share/tix4.1/demos/samples/LabFrame.tcl
devkitadv-r5-beta-3/share/tix4.1/demos/samples/ListNBK.tcl
devkitadv-r5-beta-3/share/tix4.1/demos/samples/Meter.tcl
devkitadv-r5-beta-3/share/tix4.1/demos/samples/NoteBook.tcl
devkitadv-r5-beta-3/share/tix4.1/demos/samples/OptMenu.tcl
devkitadv-r5-beta-3/share/tix4.1/demos/samples/PanedWin.tcl
devkitadv-r5-beta-3/share/tix4.1/demos/samples/PopMenu.tcl
devkitadv-r5-beta-3/share/tix4.1/demos/samples/Sample.tcl
devkitadv-r5-beta-3/share/tix4.1/demos/samples/Select.tcl
devkitadv-r5-beta-3/share/tix4.1/demos/samples/SGrid0.tcl
devkitadv-r5-beta-3/share/tix4.1/demos/samples/SGrid1.tcl
devkitadv-r5-beta-3/share/tix4.1/demos/samples/SHList.tcl
devkitadv-r5-beta-3/share/tix4.1/demos/samples/SHList2.tcl
devkitadv-r5-beta-3/share/tix4.1/demos/samples/SListBox.tcl
devkitadv-r5-beta-3/share/tix4.1/demos/samples/StdBBox.tcl
devkitadv-r5-beta-3/share/tix4.1/demos/samples/SText.tcl
devkitadv-r5-beta-3/share/tix4.1/demos/samples/STList1.tcl
devkitadv-r5-beta-3/share/tix4.1/demos/samples/STList2.tcl
devkitadv-r5-beta-3/share/tix4.1/demos/samples/STList3.tcl
devkitadv-r5-beta-3/share/tix4.1/demos/samples/SWindow.tcl
devkitadv-r5-beta-3/share/tix4.1/demos/samples/Tree.tcl
devkitadv-r5-beta-3/share/tix4.1/demos/samples/Xpm.tcl
devkitadv-r5-beta-3/share/tix4.1/demos/samples/Xpm1.tcl
devkitadv-r5-beta-3/share/tix4.1/demos/tclIndex
devkitadv-r5-beta-3/share/tix4.1/demos/widget
devkitadv-r5-beta-3/share/tix4.1/DialogS.tcl
devkitadv-r5-beta-3/share/tix4.1/DirBox.tcl
devkitadv-r5-beta-3/share/tix4.1/DirDlg.tcl
devkitadv-r5-beta-3/share/tix4.1/DirList.tcl
devkitadv-r5-beta-3/share/tix4.1/DirTree.tcl
devkitadv-r5-beta-3/share/tix4.1/DragDrop.tcl
devkitadv-r5-beta-3/share/tix4.1/DtlList.tcl
devkitadv-r5-beta-3/share/tix4.1/EFileBox.tcl
devkitadv-r5-beta-3/share/tix4.1/EFileDlg.tcl
devkitadv-r5-beta-3/share/tix4.1/Event.tcl
devkitadv-r5-beta-3/share/tix4.1/FileBox.tcl
devkitadv-r5-beta-3/share/tix4.1/FileCbx.tcl
devkitadv-r5-beta-3/share/tix4.1/FileCmpt.tcl
devkitadv-r5-beta-3/share/tix4.1/FileDlg.tcl
devkitadv-r5-beta-3/share/tix4.1/FileEnt.tcl
devkitadv-r5-beta-3/share/tix4.1/FileUtil.tcl
devkitadv-r5-beta-3/share/tix4.1/FloatEnt.tcl
devkitadv-r5-beta-3/share/tix4.1/fs.tcl
devkitadv-r5-beta-3/share/tix4.1/Grid.tcl
devkitadv-r5-beta-3/share/tix4.1/HList.tcl
devkitadv-r5-beta-3/share/tix4.1/HListDD.tcl
devkitadv-r5-beta-3/share/tix4.1/IconView.tcl
devkitadv-r5-beta-3/share/tix4.1/Init.tcl
devkitadv-r5-beta-3/share/tix4.1/LabEntry.tcl
devkitadv-r5-beta-3/share/tix4.1/LabFrame.tcl
devkitadv-r5-beta-3/share/tix4.1/LabWidg.tcl
devkitadv-r5-beta-3/share/tix4.1/ListNBk.tcl
devkitadv-r5-beta-3/share/tix4.1/Meter.tcl
devkitadv-r5-beta-3/share/tix4.1/MultView.tcl
devkitadv-r5-beta-3/share/tix4.1/NoteBook.tcl
devkitadv-r5-beta-3/share/tix4.1/OldUtil.tcl
devkitadv-r5-beta-3/share/tix4.1/OptMenu.tcl
devkitadv-r5-beta-3/share/tix4.1/PanedWin.tcl
devkitadv-r5-beta-3/share/tix4.1/pkgIndex.tcl
devkitadv-r5-beta-3/share/tix4.1/PopMenu.tcl
devkitadv-r5-beta-3/share/tix4.1/pref/12Point.fs
devkitadv-r5-beta-3/share/tix4.1/pref/12Point.fsc
devkitadv-r5-beta-3/share/tix4.1/pref/14Point.fs
devkitadv-r5-beta-3/share/tix4.1/pref/14Point.fsc
devkitadv-r5-beta-3/share/tix4.1/pref/Bisque.cs
devkitadv-r5-beta-3/share/tix4.1/pref/Bisque.csc
devkitadv-r5-beta-3/share/tix4.1/pref/Blue.cs
devkitadv-r5-beta-3/share/tix4.1/pref/Blue.csc
devkitadv-r5-beta-3/share/tix4.1/pref/Gray.cs
devkitadv-r5-beta-3/share/tix4.1/pref/Gray.csc
devkitadv-r5-beta-3/share/tix4.1/pref/Makefile
devkitadv-r5-beta-3/share/tix4.1/pref/Old12Pt.fs
devkitadv-r5-beta-3/share/tix4.1/pref/Old14Pt.fs
devkitadv-r5-beta-3/share/tix4.1/pref/SGIGray.cs
devkitadv-r5-beta-3/share/tix4.1/pref/SGIGray.csc
devkitadv-r5-beta-3/share/tix4.1/pref/TixGray.cs
devkitadv-r5-beta-3/share/tix4.1/pref/TixGray.csc
devkitadv-r5-beta-3/share/tix4.1/pref/tixmkpref
devkitadv-r5-beta-3/share/tix4.1/pref/TK.cs
devkitadv-r5-beta-3/share/tix4.1/pref/TK.csc
devkitadv-r5-beta-3/share/tix4.1/pref/TK.fs
devkitadv-r5-beta-3/share/tix4.1/pref/TK.fsc
devkitadv-r5-beta-3/share/tix4.1/pref/TkWin.cs
devkitadv-r5-beta-3/share/tix4.1/pref/TkWin.csc
devkitadv-r5-beta-3/share/tix4.1/pref/TkWin.fs
devkitadv-r5-beta-3/share/tix4.1/pref/TkWin.fsc
devkitadv-r5-beta-3/share/tix4.1/Primitiv.tcl
devkitadv-r5-beta-3/share/tix4.1/ResizeH.tcl
devkitadv-r5-beta-3/share/tix4.1/Select.tcl
devkitadv-r5-beta-3/share/tix4.1/SGrid.tcl
devkitadv-r5-beta-3/share/tix4.1/Shell.tcl
devkitadv-r5-beta-3/share/tix4.1/SHList.tcl
devkitadv-r5-beta-3/share/tix4.1/SimpDlg.tcl
devkitadv-r5-beta-3/share/tix4.1/SListBox.tcl
devkitadv-r5-beta-3/share/tix4.1/StackWin.tcl
devkitadv-r5-beta-3/share/tix4.1/StatBar.tcl
devkitadv-r5-beta-3/share/tix4.1/StdBBox.tcl
devkitadv-r5-beta-3/share/tix4.1/StdShell.tcl
devkitadv-r5-beta-3/share/tix4.1/SText.tcl
devkitadv-r5-beta-3/share/tix4.1/STList.tcl
devkitadv-r5-beta-3/share/tix4.1/SWidget.tcl
devkitadv-r5-beta-3/share/tix4.1/SWindow.tcl
devkitadv-r5-beta-3/share/tix4.1/tclIndex
devkitadv-r5-beta-3/share/tix4.1/Tix.tcl
devkitadv-r5-beta-3/share/tix4.1/TList.tcl
devkitadv-r5-beta-3/share/tix4.1/Tree.tcl
devkitadv-r5-beta-3/share/tix4.1/UnixFile.tcl
devkitadv-r5-beta-3/share/tix4.1/Utils.tcl
devkitadv-r5-beta-3/share/tix4.1/Variable.tcl
devkitadv-r5-beta-3/share/tix4.1/Verify.tcl
devkitadv-r5-beta-3/share/tix4.1/Version.tcl
devkitadv-r5-beta-3/share/tix4.1/VResize.tcl
devkitadv-r5-beta-3/share/tix4.1/VStack.tcl
devkitadv-r5-beta-3/share/tix4.1/VTree.tcl
devkitadv-r5-beta-3/share/tix4.1/WinFile.tcl
devkitadv-r5-beta-3/share/tix4.1/WInfo.tcl
devkitadv-r5-beta-3/share/tk8.0/bgerror.tcl
devkitadv-r5-beta-3/share/tk8.0/button.tcl
devkitadv-r5-beta-3/share/tk8.0/clrpick.tcl
devkitadv-r5-beta-3/share/tk8.0/comdlg.tcl
devkitadv-r5-beta-3/share/tk8.0/console.tcl
devkitadv-r5-beta-3/share/tk8.0/demos/arrow.tcl
devkitadv-r5-beta-3/share/tk8.0/demos/bind.tcl
devkitadv-r5-beta-3/share/tk8.0/demos/bitmap.tcl
devkitadv-r5-beta-3/share/tk8.0/demos/browse
devkitadv-r5-beta-3/share/tk8.0/demos/button.tcl
devkitadv-r5-beta-3/share/tk8.0/demos/check.tcl
devkitadv-r5-beta-3/share/tk8.0/demos/clrpick.tcl
devkitadv-r5-beta-3/share/tk8.0/demos/colors.tcl
devkitadv-r5-beta-3/share/tk8.0/demos/cscroll.tcl
devkitadv-r5-beta-3/share/tk8.0/demos/ctext.tcl
devkitadv-r5-beta-3/share/tk8.0/demos/dialog1.tcl
devkitadv-r5-beta-3/share/tk8.0/demos/dialog2.tcl
devkitadv-r5-beta-3/share/tk8.0/demos/entry1.tcl
devkitadv-r5-beta-3/share/tk8.0/demos/entry2.tcl
devkitadv-r5-beta-3/share/tk8.0/demos/filebox.tcl
devkitadv-r5-beta-3/share/tk8.0/demos/floor.tcl
devkitadv-r5-beta-3/share/tk8.0/demos/form.tcl
devkitadv-r5-beta-3/share/tk8.0/demos/hello
devkitadv-r5-beta-3/share/tk8.0/demos/hscale.tcl
devkitadv-r5-beta-3/share/tk8.0/demos/icon.tcl
devkitadv-r5-beta-3/share/tk8.0/demos/image1.tcl
devkitadv-r5-beta-3/share/tk8.0/demos/image2.tcl
devkitadv-r5-beta-3/share/tk8.0/demos/images/earth.gif
devkitadv-r5-beta-3/share/tk8.0/demos/images/earthris.gif
devkitadv-r5-beta-3/share/tk8.0/demos/images/face.bmp
devkitadv-r5-beta-3/share/tk8.0/demos/images/flagdown.bmp
devkitadv-r5-beta-3/share/tk8.0/demos/images/flagup.bmp
devkitadv-r5-beta-3/share/tk8.0/demos/images/gray25.bmp
devkitadv-r5-beta-3/share/tk8.0/demos/images/letters.bmp
devkitadv-r5-beta-3/share/tk8.0/demos/images/noletter.bmp
devkitadv-r5-beta-3/share/tk8.0/demos/images/pattern.bmp
devkitadv-r5-beta-3/share/tk8.0/demos/images/tcllogo.gif
devkitadv-r5-beta-3/share/tk8.0/demos/images/teapot.ppm
devkitadv-r5-beta-3/share/tk8.0/demos/items.tcl
devkitadv-r5-beta-3/share/tk8.0/demos/ixset
devkitadv-r5-beta-3/share/tk8.0/demos/label.tcl
devkitadv-r5-beta-3/share/tk8.0/demos/license.terms
devkitadv-r5-beta-3/share/tk8.0/demos/menu.tcl
devkitadv-r5-beta-3/share/tk8.0/demos/menubu.tcl
devkitadv-r5-beta-3/share/tk8.0/demos/msgbox.tcl
devkitadv-r5-beta-3/share/tk8.0/demos/plot.tcl
devkitadv-r5-beta-3/share/tk8.0/demos/puzzle.tcl
devkitadv-r5-beta-3/share/tk8.0/demos/radio.tcl
devkitadv-r5-beta-3/share/tk8.0/demos/README
devkitadv-r5-beta-3/share/tk8.0/demos/rmt
devkitadv-r5-beta-3/share/tk8.0/demos/rolodex
devkitadv-r5-beta-3/share/tk8.0/demos/ruler.tcl
devkitadv-r5-beta-3/share/tk8.0/demos/sayings.tcl
devkitadv-r5-beta-3/share/tk8.0/demos/search.tcl
devkitadv-r5-beta-3/share/tk8.0/demos/square
devkitadv-r5-beta-3/share/tk8.0/demos/states.tcl
devkitadv-r5-beta-3/share/tk8.0/demos/style.tcl
devkitadv-r5-beta-3/share/tk8.0/demos/tclIndex
devkitadv-r5-beta-3/share/tk8.0/demos/tcolor
devkitadv-r5-beta-3/share/tk8.0/demos/text.tcl
devkitadv-r5-beta-3/share/tk8.0/demos/timer
devkitadv-r5-beta-3/share/tk8.0/demos/twind.tcl
devkitadv-r5-beta-3/share/tk8.0/demos/vscale.tcl
devkitadv-r5-beta-3/share/tk8.0/demos/widget
devkitadv-r5-beta-3/share/tk8.0/dialog.tcl
devkitadv-r5-beta-3/share/tk8.0/entry.tcl
devkitadv-r5-beta-3/share/tk8.0/focus.tcl
devkitadv-r5-beta-3/share/tk8.0/listbox.tcl
devkitadv-r5-beta-3/share/tk8.0/menu.tcl
devkitadv-r5-beta-3/share/tk8.0/msgbox.tcl
devkitadv-r5-beta-3/share/tk8.0/obsolete.tcl
devkitadv-r5-beta-3/share/tk8.0/optMenu.tcl
devkitadv-r5-beta-3/share/tk8.0/palette.tcl
devkitadv-r5-beta-3/share/tk8.0/prolog.ps
devkitadv-r5-beta-3/share/tk8.0/safetk.tcl
devkitadv-r5-beta-3/share/tk8.0/scale.tcl
devkitadv-r5-beta-3/share/tk8.0/scrlbar.tcl
devkitadv-r5-beta-3/share/tk8.0/tclIndex
devkitadv-r5-beta-3/share/tk8.0/tearoff.tcl
devkitadv-r5-beta-3/share/tk8.0/text.tcl
devkitadv-r5-beta-3/share/tk8.0/tk.tcl
devkitadv-r5-beta-3/share/tk8.0/tkAppInit.c
devkitadv-r5-beta-3/share/tk8.0/tkfbox.tcl
devkitadv-r5-beta-3/share/tk8.0/tkfboxTest.tcl
devkitadv-r5-beta-3/share/tk8.0/xmfbox.tcl
devkitadv-r5-beta-3/insight.lst
devkitadv-r5-beta-3/doc/COPYING-INSIGHT.txt
