devkitadv-r5-beta-3/arm-agb-elf/lib/interwork/libstdc++.a
devkitadv-r5-beta-3/arm-agb-elf/lib/interwork/libstdc++.la
devkitadv-r5-beta-3/arm-agb-elf/lib/interwork/libsupc++.a
devkitadv-r5-beta-3/arm-agb-elf/lib/interwork/libsupc++.la
devkitadv-r5-beta-3/arm-agb-elf/lib/libstdc++.a
devkitadv-r5-beta-3/arm-agb-elf/lib/libstdc++.la
devkitadv-r5-beta-3/arm-agb-elf/lib/libsupc++.a
devkitadv-r5-beta-3/arm-agb-elf/lib/libsupc++.la
devkitadv-r5-beta-3/arm-agb-elf/lib/thumb/interwork/libstdc++.a
devkitadv-r5-beta-3/arm-agb-elf/lib/thumb/interwork/libstdc++.la
devkitadv-r5-beta-3/arm-agb-elf/lib/thumb/interwork/libsupc++.a
devkitadv-r5-beta-3/arm-agb-elf/lib/thumb/interwork/libsupc++.la
devkitadv-r5-beta-3/arm-agb-elf/lib/thumb/libstdc++.a
devkitadv-r5-beta-3/arm-agb-elf/lib/thumb/libstdc++.la
devkitadv-r5-beta-3/arm-agb-elf/lib/thumb/libsupc++.a
devkitadv-r5-beta-3/arm-agb-elf/lib/thumb/libsupc++.la
devkitadv-r5-beta-3/include/c++/3.2.2/algorithm
devkitadv-r5-beta-3/include/c++/3.2.2/arm-agb-elf/bits/atomicity.h
devkitadv-r5-beta-3/include/c++/3.2.2/arm-agb-elf/bits/basic_file.h
devkitadv-r5-beta-3/include/c++/3.2.2/arm-agb-elf/bits/c++config.h
devkitadv-r5-beta-3/include/c++/3.2.2/arm-agb-elf/bits/c++io.h
devkitadv-r5-beta-3/include/c++/3.2.2/arm-agb-elf/bits/c++locale.h
devkitadv-r5-beta-3/include/c++/3.2.2/arm-agb-elf/bits/codecvt_specializations.h
devkitadv-r5-beta-3/include/c++/3.2.2/arm-agb-elf/bits/cpu_limits.h
devkitadv-r5-beta-3/include/c++/3.2.2/arm-agb-elf/bits/ctype_base.h
devkitadv-r5-beta-3/include/c++/3.2.2/arm-agb-elf/bits/ctype_inline.h
devkitadv-r5-beta-3/include/c++/3.2.2/arm-agb-elf/bits/ctype_noninline.h
devkitadv-r5-beta-3/include/c++/3.2.2/arm-agb-elf/bits/gthr-default.h
devkitadv-r5-beta-3/include/c++/3.2.2/arm-agb-elf/bits/gthr-posix.h
devkitadv-r5-beta-3/include/c++/3.2.2/arm-agb-elf/bits/gthr-single.h
devkitadv-r5-beta-3/include/c++/3.2.2/arm-agb-elf/bits/gthr.h
devkitadv-r5-beta-3/include/c++/3.2.2/arm-agb-elf/bits/messages_members.h
devkitadv-r5-beta-3/include/c++/3.2.2/arm-agb-elf/bits/os_defines.h
devkitadv-r5-beta-3/include/c++/3.2.2/arm-agb-elf/bits/time_members.h
devkitadv-r5-beta-3/include/c++/3.2.2/backward/algo.h
devkitadv-r5-beta-3/include/c++/3.2.2/backward/algobase.h
devkitadv-r5-beta-3/include/c++/3.2.2/backward/alloc.h
devkitadv-r5-beta-3/include/c++/3.2.2/backward/backward_warning.h
devkitadv-r5-beta-3/include/c++/3.2.2/backward/bvector.h
devkitadv-r5-beta-3/include/c++/3.2.2/backward/complex.h
devkitadv-r5-beta-3/include/c++/3.2.2/backward/defalloc.h
devkitadv-r5-beta-3/include/c++/3.2.2/backward/deque.h
devkitadv-r5-beta-3/include/c++/3.2.2/backward/fstream.h
devkitadv-r5-beta-3/include/c++/3.2.2/backward/function.h
devkitadv-r5-beta-3/include/c++/3.2.2/backward/hash_map.h
devkitadv-r5-beta-3/include/c++/3.2.2/backward/hash_set.h
devkitadv-r5-beta-3/include/c++/3.2.2/backward/hashtable.h
devkitadv-r5-beta-3/include/c++/3.2.2/backward/heap.h
devkitadv-r5-beta-3/include/c++/3.2.2/backward/iomanip.h
devkitadv-r5-beta-3/include/c++/3.2.2/backward/iostream.h
devkitadv-r5-beta-3/include/c++/3.2.2/backward/istream.h
devkitadv-r5-beta-3/include/c++/3.2.2/backward/iterator.h
devkitadv-r5-beta-3/include/c++/3.2.2/backward/list.h
devkitadv-r5-beta-3/include/c++/3.2.2/backward/map.h
devkitadv-r5-beta-3/include/c++/3.2.2/backward/multimap.h
devkitadv-r5-beta-3/include/c++/3.2.2/backward/multiset.h
devkitadv-r5-beta-3/include/c++/3.2.2/backward/new.h
devkitadv-r5-beta-3/include/c++/3.2.2/backward/ostream.h
devkitadv-r5-beta-3/include/c++/3.2.2/backward/pair.h
devkitadv-r5-beta-3/include/c++/3.2.2/backward/queue.h
devkitadv-r5-beta-3/include/c++/3.2.2/backward/rope.h
devkitadv-r5-beta-3/include/c++/3.2.2/backward/set.h
devkitadv-r5-beta-3/include/c++/3.2.2/backward/slist.h
devkitadv-r5-beta-3/include/c++/3.2.2/backward/stack.h
devkitadv-r5-beta-3/include/c++/3.2.2/backward/stream.h
devkitadv-r5-beta-3/include/c++/3.2.2/backward/streambuf.h
devkitadv-r5-beta-3/include/c++/3.2.2/backward/strstream
devkitadv-r5-beta-3/include/c++/3.2.2/backward/strstream.h
devkitadv-r5-beta-3/include/c++/3.2.2/backward/tempbuf.h
devkitadv-r5-beta-3/include/c++/3.2.2/backward/tree.h
devkitadv-r5-beta-3/include/c++/3.2.2/backward/vector.h
devkitadv-r5-beta-3/include/c++/3.2.2/bits/basic_ios.h
devkitadv-r5-beta-3/include/c++/3.2.2/bits/basic_ios.tcc
devkitadv-r5-beta-3/include/c++/3.2.2/bits/basic_string.h
devkitadv-r5-beta-3/include/c++/3.2.2/bits/basic_string.tcc
devkitadv-r5-beta-3/include/c++/3.2.2/bits/boost_concept_check.h
devkitadv-r5-beta-3/include/c++/3.2.2/bits/char_traits.h
devkitadv-r5-beta-3/include/c++/3.2.2/bits/cmath.tcc
devkitadv-r5-beta-3/include/c++/3.2.2/bits/codecvt.h
devkitadv-r5-beta-3/include/c++/3.2.2/bits/concept_check.h
devkitadv-r5-beta-3/include/c++/3.2.2/bits/cpp_type_traits.h
devkitadv-r5-beta-3/include/c++/3.2.2/bits/fpos.h
devkitadv-r5-beta-3/include/c++/3.2.2/bits/fstream.tcc
devkitadv-r5-beta-3/include/c++/3.2.2/bits/functexcept.h
devkitadv-r5-beta-3/include/c++/3.2.2/bits/generic_shadow.h
devkitadv-r5-beta-3/include/c++/3.2.2/bits/gslice.h
devkitadv-r5-beta-3/include/c++/3.2.2/bits/gslice_array.h
devkitadv-r5-beta-3/include/c++/3.2.2/bits/indirect_array.h
devkitadv-r5-beta-3/include/c++/3.2.2/bits/ios_base.h
devkitadv-r5-beta-3/include/c++/3.2.2/bits/istream.tcc
devkitadv-r5-beta-3/include/c++/3.2.2/bits/locale_facets.h
devkitadv-r5-beta-3/include/c++/3.2.2/bits/locale_facets.tcc
devkitadv-r5-beta-3/include/c++/3.2.2/bits/localefwd.h
devkitadv-r5-beta-3/include/c++/3.2.2/bits/mask_array.h
devkitadv-r5-beta-3/include/c++/3.2.2/bits/ostream.tcc
devkitadv-r5-beta-3/include/c++/3.2.2/bits/pthread_allocimpl.h
devkitadv-r5-beta-3/include/c++/3.2.2/bits/slice.h
devkitadv-r5-beta-3/include/c++/3.2.2/bits/slice_array.h
devkitadv-r5-beta-3/include/c++/3.2.2/bits/sstream.tcc
devkitadv-r5-beta-3/include/c++/3.2.2/bits/stl_algo.h
devkitadv-r5-beta-3/include/c++/3.2.2/bits/stl_algobase.h
devkitadv-r5-beta-3/include/c++/3.2.2/bits/stl_alloc.h
devkitadv-r5-beta-3/include/c++/3.2.2/bits/stl_bvector.h
devkitadv-r5-beta-3/include/c++/3.2.2/bits/stl_construct.h
devkitadv-r5-beta-3/include/c++/3.2.2/bits/stl_deque.h
devkitadv-r5-beta-3/include/c++/3.2.2/bits/stl_function.h
devkitadv-r5-beta-3/include/c++/3.2.2/bits/stl_heap.h
devkitadv-r5-beta-3/include/c++/3.2.2/bits/stl_iterator.h
devkitadv-r5-beta-3/include/c++/3.2.2/bits/stl_iterator_base_funcs.h
devkitadv-r5-beta-3/include/c++/3.2.2/bits/stl_iterator_base_types.h
devkitadv-r5-beta-3/include/c++/3.2.2/bits/stl_list.h
devkitadv-r5-beta-3/include/c++/3.2.2/bits/stl_map.h
devkitadv-r5-beta-3/include/c++/3.2.2/bits/stl_multimap.h
devkitadv-r5-beta-3/include/c++/3.2.2/bits/stl_multiset.h
devkitadv-r5-beta-3/include/c++/3.2.2/bits/stl_numeric.h
devkitadv-r5-beta-3/include/c++/3.2.2/bits/stl_pair.h
devkitadv-r5-beta-3/include/c++/3.2.2/bits/stl_pthread_alloc.h
devkitadv-r5-beta-3/include/c++/3.2.2/bits/stl_queue.h
devkitadv-r5-beta-3/include/c++/3.2.2/bits/stl_raw_storage_iter.h
devkitadv-r5-beta-3/include/c++/3.2.2/bits/stl_relops.h
devkitadv-r5-beta-3/include/c++/3.2.2/bits/stl_set.h
devkitadv-r5-beta-3/include/c++/3.2.2/bits/stl_stack.h
devkitadv-r5-beta-3/include/c++/3.2.2/bits/stl_tempbuf.h
devkitadv-r5-beta-3/include/c++/3.2.2/bits/stl_threads.h
devkitadv-r5-beta-3/include/c++/3.2.2/bits/stl_tree.h
devkitadv-r5-beta-3/include/c++/3.2.2/bits/stl_uninitialized.h
devkitadv-r5-beta-3/include/c++/3.2.2/bits/stl_vector.h
devkitadv-r5-beta-3/include/c++/3.2.2/bits/stream_iterator.h
devkitadv-r5-beta-3/include/c++/3.2.2/bits/streambuf.tcc
devkitadv-r5-beta-3/include/c++/3.2.2/bits/streambuf_iterator.h
devkitadv-r5-beta-3/include/c++/3.2.2/bits/stringfwd.h
devkitadv-r5-beta-3/include/c++/3.2.2/bits/type_traits.h
devkitadv-r5-beta-3/include/c++/3.2.2/bits/valarray_array.h
devkitadv-r5-beta-3/include/c++/3.2.2/bits/valarray_array.tcc
devkitadv-r5-beta-3/include/c++/3.2.2/bits/valarray_meta.h
devkitadv-r5-beta-3/include/c++/3.2.2/bitset
devkitadv-r5-beta-3/include/c++/3.2.2/cassert
devkitadv-r5-beta-3/include/c++/3.2.2/cctype
devkitadv-r5-beta-3/include/c++/3.2.2/cerrno
devkitadv-r5-beta-3/include/c++/3.2.2/cfloat
devkitadv-r5-beta-3/include/c++/3.2.2/ciso646
devkitadv-r5-beta-3/include/c++/3.2.2/climits
devkitadv-r5-beta-3/include/c++/3.2.2/clocale
devkitadv-r5-beta-3/include/c++/3.2.2/cmath
devkitadv-r5-beta-3/include/c++/3.2.2/complex
devkitadv-r5-beta-3/include/c++/3.2.2/csetjmp
devkitadv-r5-beta-3/include/c++/3.2.2/csignal
devkitadv-r5-beta-3/include/c++/3.2.2/cstdarg
devkitadv-r5-beta-3/include/c++/3.2.2/cstddef
devkitadv-r5-beta-3/include/c++/3.2.2/cstdio
devkitadv-r5-beta-3/include/c++/3.2.2/cstdlib
devkitadv-r5-beta-3/include/c++/3.2.2/cstring
devkitadv-r5-beta-3/include/c++/3.2.2/ctime
devkitadv-r5-beta-3/include/c++/3.2.2/cwchar
devkitadv-r5-beta-3/include/c++/3.2.2/cwctype
devkitadv-r5-beta-3/include/c++/3.2.2/cxxabi.h
devkitadv-r5-beta-3/include/c++/3.2.2/deque
devkitadv-r5-beta-3/include/c++/3.2.2/exception
devkitadv-r5-beta-3/include/c++/3.2.2/exception_defines.h
devkitadv-r5-beta-3/include/c++/3.2.2/ext/algorithm
devkitadv-r5-beta-3/include/c++/3.2.2/ext/enc_filebuf.h
devkitadv-r5-beta-3/include/c++/3.2.2/ext/functional
devkitadv-r5-beta-3/include/c++/3.2.2/ext/hash_map
devkitadv-r5-beta-3/include/c++/3.2.2/ext/hash_set
devkitadv-r5-beta-3/include/c++/3.2.2/ext/iterator
devkitadv-r5-beta-3/include/c++/3.2.2/ext/memory
devkitadv-r5-beta-3/include/c++/3.2.2/ext/numeric
devkitadv-r5-beta-3/include/c++/3.2.2/ext/rb_tree
devkitadv-r5-beta-3/include/c++/3.2.2/ext/rope
devkitadv-r5-beta-3/include/c++/3.2.2/ext/ropeimpl.h
devkitadv-r5-beta-3/include/c++/3.2.2/ext/slist
devkitadv-r5-beta-3/include/c++/3.2.2/ext/stdio_filebuf.h
devkitadv-r5-beta-3/include/c++/3.2.2/ext/stl_hash_fun.h
devkitadv-r5-beta-3/include/c++/3.2.2/ext/stl_hashtable.h
devkitadv-r5-beta-3/include/c++/3.2.2/ext/stl_rope.h
devkitadv-r5-beta-3/include/c++/3.2.2/fstream
devkitadv-r5-beta-3/include/c++/3.2.2/functional
devkitadv-r5-beta-3/include/c++/3.2.2/iomanip
devkitadv-r5-beta-3/include/c++/3.2.2/ios
devkitadv-r5-beta-3/include/c++/3.2.2/iosfwd
devkitadv-r5-beta-3/include/c++/3.2.2/iostream
devkitadv-r5-beta-3/include/c++/3.2.2/istream
devkitadv-r5-beta-3/include/c++/3.2.2/iterator
devkitadv-r5-beta-3/include/c++/3.2.2/limits
devkitadv-r5-beta-3/include/c++/3.2.2/list
devkitadv-r5-beta-3/include/c++/3.2.2/locale
devkitadv-r5-beta-3/include/c++/3.2.2/map
devkitadv-r5-beta-3/include/c++/3.2.2/memory
devkitadv-r5-beta-3/include/c++/3.2.2/new
devkitadv-r5-beta-3/include/c++/3.2.2/numeric
devkitadv-r5-beta-3/include/c++/3.2.2/ostream
devkitadv-r5-beta-3/include/c++/3.2.2/queue
devkitadv-r5-beta-3/include/c++/3.2.2/set
devkitadv-r5-beta-3/include/c++/3.2.2/sstream
devkitadv-r5-beta-3/include/c++/3.2.2/stack
devkitadv-r5-beta-3/include/c++/3.2.2/stdexcept
devkitadv-r5-beta-3/include/c++/3.2.2/streambuf
devkitadv-r5-beta-3/include/c++/3.2.2/string
devkitadv-r5-beta-3/include/c++/3.2.2/typeinfo
devkitadv-r5-beta-3/include/c++/3.2.2/utility
devkitadv-r5-beta-3/include/c++/3.2.2/valarray
devkitadv-r5-beta-3/include/c++/3.2.2/vector
devkitadv-r5-beta-3/libstdcpp.lst
devkitadv-r5-beta-3/doc/COPYING-LIBSTDCPP.txt
